---
source: crates/shell/src/shells/nu.rs
expression: "Nu.format_hook(Hook::RegisterHandlers\n{ function: \"_starbase_hook\".into(), }).unwrap()"
---
export-env {
    let entry = { code: "_starbase_hook" }

    $env.config = ($env.config | upsert hooks.env_change.PWD { |config|
        let list = ($config | get --optional hooks.env_change.PWD) | default []

        if $entry in $list { $list } else { $list | append $entry }
    })

    $env.config = ($env.config | upsert hooks.pre_prompt { |config|
        let list = ($config | get --optional hooks.pre_prompt) | default []

        if $entry in $list { $list } else { $list | append $entry }
    })
}
