---
source: crates/shell/src/shells/elvish.rs
expression: Elvish.format_hook(hook).unwrap()
---
fn _starbase_hook {|@_|
  eval (starbase hook elvish | slurp)
}

fn _starbase_deactivate {
  eval (starbase deactivate elvish | slurp)
  set after-chdir = [(each {|hook| if (not (and (has-key $hook def) (eq $hook[def] $_starbase_hook~[def]))) { put $hook } } $after-chdir)]
}

set after-chdir = [(each {|hook| if (not (and (has-key $hook def) (eq $hook[def] $_starbase_hook~[def]))) { put $hook } } $after-chdir)]
set @after-chdir = $@after-chdir $_starbase_hook~
