---
source: crates/shell/src/shells/sh.rs
expression: Sh.format_hook(hook).unwrap()
---
_starbase_hook() {
  _starbase_hook_output=$(starbase hook sh)
  if [ -n "$_starbase_hook_output" ]; then
    eval "$_starbase_hook_output"
  fi
  unset _starbase_hook_output
}

_starbase_deactivate() {
  _starbase_deactivate_output=$(starbase deactivate sh)
  if [ -n "$_starbase_deactivate_output" ]; then
    eval "$_starbase_deactivate_output"
  fi
  unset _starbase_deactivate_output
  unset -f cd _starbase_hook _starbase_deactivate
}

cd() {
  command cd "$@" || return $?
  _starbase_hook
  return 0
}
