---
source: crates/shell/src/shells/bash.rs
expression: Bash.format_on_cd_hook(hook).unwrap()
---
_starbase_hook() {
  local previous_exit_status=$?;
  trap -- '' SIGINT;
  export PROTO_HOME="$HOME/.proto";
  unset PROTO_ROOT;
  export PATH="$PROTO_HOME/shims:$PROTO_HOME/bin:$PATH";
  trap - SIGINT;
  return $previous_exit_status;
};

if [[ ";${PROMPT_COMMAND[*]:-};" != *";_starbase_hook;"* ]]; then
  if [[ "$(declare -p PROMPT_COMMAND 2>&1)" == "declare -a"* ]]; then
    PROMPT_COMMAND=(_starbase_hook "${PROMPT_COMMAND[@]}")
  else
    PROMPT_COMMAND="_starbase_hook${PROMPT_COMMAND:+;$PROMPT_COMMAND}"
  fi
fi
