---
source: crates/shell/src/shells/bash.rs
expression: Bash.format_hook(hook).unwrap()
---
export __ORIG_PATH="$PATH"

_starbase_hook() {
  local previous_exit_status=$?;
  trap '' SIGINT;
  output=$(starbase hook bash)
  if [ -n "$output" ]; then
    eval "$output";
  fi
  trap - SIGINT;
  return $previous_exit_status;
};

if [[ ";${PROMPT_COMMAND[*]:-};" != *";_starbase_hook;"* ]]; then
  if [[ "$(declare -p PROMPT_COMMAND 2>&1)" == "declare -a"* ]]; then
    PROMPT_COMMAND=(_starbase_hook "${PROMPT_COMMAND[@]}")
  else
    PROMPT_COMMAND="_starbase_hook${PROMPT_COMMAND:+;$PROMPT_COMMAND}"
  fi
fi
