---
source: crates/shell/src/shells/pwsh.rs
expression: "Pwsh::new().format_hook(Hook::UnregisterHandlers\n{ function: \"_starbase_hook\".into(), }).unwrap()"
---
if (Get-Variable -Name '_starbase_hook_on_chdir' -Scope Global -ErrorAction Ignore) {
  $ExecutionContext.SessionState.InvokeCommand.LocationChangedAction = [System.Delegate]::Remove(
    $ExecutionContext.SessionState.InvokeCommand.LocationChangedAction,
    $global:_starbase_hook_on_chdir
  );
  Remove-Variable -Name '_starbase_hook_on_chdir' -Scope Global;
}

if (Get-Variable -Name '_starbase_hook_on_prompt' -Scope Global -ErrorAction Ignore) {
  Set-Item -Path 'function:global:prompt' -Value $global:_starbase_hook_on_prompt;
  Remove-Variable -Name '_starbase_hook_on_prompt' -Scope Global;
}
