---
source: crates/shell/src/shells/nu.rs
expression: Nu.format_hook(hook).unwrap()
---
export def --env _starbase_hook [] {
    let data = starbase hook nu | from json

    # This must be a `for` loop and not an `each`/`items` closure,
    # as closures do not propagate environment changes, even when
    # the command itself is `def --env`.
    for pair in ($data | get --optional env | default {} | transpose key value) {
        if $pair.value == null {
            if $pair.key in $env {
                hide-env $pair.key
            }
        } else {
            load-env { ($pair.key): $pair.value }
        }
    }

    let path_list = $data | get --optional paths | default []
    let path_string = $data | get --optional path | default ''

    if ($path_list | is-not-empty) {
        $env.PATH = $path_list
    }

    if ($path_string | is-not-empty) {
        $env.PATH = $path_string
    }
}

export-env {
    $env.config = ($env.config | upsert hooks.env_change.PWD { |config|
        let list = ($config | get --optional hooks.env_change.PWD) | default []

        $list | append { |before, after|
            _starbase_hook
        }
    })
}
