---
source: crates/shell/src/shells/zsh.rs
expression: "Zsh::default().format_on_cd_hook(hook).unwrap()"
---
_starbase_hook() {
  trap -- '' SIGINT
  export PROTO_HOME="$HOME/.proto";
  unset PROTO_ROOT;
  export PATH="$PROTO_HOME/shims:$PROTO_HOME/bin:$PATH";
  trap - SIGINT
}
typeset -ag precmd_functions
if (( ! ${precmd_functions[(I)_starbase_hook]} )); then
  precmd_functions=(_starbase_hook $precmd_functions)
fi
typeset -ag chpwd_functions
if (( ! ${chpwd_functions[(I)_starbase_hook]} )); then
  chpwd_functions=(_starbase_hook $chpwd_functions)
fi
