---
source: crates/shell/src/shells/dash.rs
expression: "Dash::new().format_hook(hook).unwrap()"
---
_starbase_hook() {
  _starbase_hook_output=$(starbase hook dash)
  if [ -n "$_starbase_hook_output" ]; then
    eval "$_starbase_hook_output"
  fi
  unset _starbase_hook_output
}

_starbase_deactivate() {
  _starbase_deactivate_output=$(starbase deactivate dash)
  if [ -n "$_starbase_deactivate_output" ]; then
    eval "$_starbase_deactivate_output"
  fi
  unset _starbase_deactivate_output
  unset -f cd _starbase_hook _starbase_deactivate
}

cd() {
  command cd "$@" || return $?
  _starbase_hook
  return 0
}
