---
source: crates/shell/src/shells/nu.rs
expression: Nu.format_hook(hook).unwrap()
---
export def --env _starbase_hook_apply [data] {
    # This must be a `for` loop and not an `each`/`items` closure,
    # as closures do not propagate environment changes, even when
    # the command itself is `def --env`.
    for pair in ($data | get --optional env | default {} | transpose key value) {
        if $pair.value == null {
            if $pair.key in $env {
                hide-env $pair.key
            }
        } else {
            load-env { ($pair.key): $pair.value }
        }
    }

    let path_list = $data | get --optional paths | default []
    let path_string = $data | get --optional path | default ''

    if ($path_list | is-not-empty) {
        $env.PATH = $path_list
    }

    if ($path_string | is-not-empty) {
        $env.PATH = $path_string
    }

    # `alias` and `hide` are parse time keywords, so no command can run
    # them. Only a hook defined as a string is parsed in the scope that
    # triggered it, so the definitions are staged as a `pre_prompt` hook,
    # which applies them before the next prompt is drawn.
    let alias_lines = ($data | get --optional aliases | default {} | transpose key value | each { |pair|
        if $pair.value == null {
            $"hide ($pair.key)"
        } else {
            $"alias ($pair.key) = ($pair.value)"
        }
    })

    # Definitions staged by a previous run are dropped, whether they were
    # applied or not, so that deactivating also cancels a pending stage
    let hooks_before = ($env.config | get --optional hooks.pre_prompt) | default []
    let hooks_after = ($hooks_before | where { |it| not (($it | describe | str starts-with "record") and (($it | get --optional code | default "") | str starts-with "# _starbase_hook aliases")) })

    if ($alias_lines | is-not-empty) or (($hooks_after | length) != ($hooks_before | length)) {
        $env.config = ($env.config | upsert hooks.pre_prompt (
            if ($alias_lines | is-empty) {
                $hooks_after
            } else {
                $hooks_after | append { code: (["# _starbase_hook aliases"] ++ $alias_lines ++ ['$env.config = ($env.config | upsert hooks.pre_prompt ((($env.config | get --optional hooks.pre_prompt) | default []) | where { |it| not (($it | describe | str starts-with "record") and (($it | get --optional code | default "") | str starts-with "# _starbase_hook aliases")) }))'] | str join (char newline)) }
            }
        ))
    }
}

export def --env _starbase_hook [] {
    _starbase_hook_apply (starbase hook nu | from json)
}

export def --env _starbase_deactivate [] {
    # Unregistering must happen even when the command fails, so the
    # reversal is best-effort, consistent with the other shells.
    _starbase_hook_apply (try { starbase deactivate nu | from json } catch { {} })

    # Nu cannot undefine commands at runtime, so the functions remain
    # defined, but the hook itself is unregistered from both triggers.
    $env.config = ($env.config | upsert hooks.env_change.PWD (
        ($env.config | get --optional hooks.env_change.PWD) | default []
            | where { |hook| $hook != { code: "_starbase_hook" } }
    ))

    $env.config = ($env.config | upsert hooks.pre_prompt (
        ($env.config | get --optional hooks.pre_prompt) | default []
            | where { |hook| $hook != { code: "_starbase_hook" } }
    ))
}

export-env {
    $env.config = ($env.config | upsert hooks.env_change.PWD { |config|
        let list = ($config | get --optional hooks.env_change.PWD) | default []
        let hook = { code: "_starbase_hook" }

        if $hook in $list {
            $list
        } else {
            $list | append $hook
        }
    })

    $env.config = ($env.config | upsert hooks.pre_prompt { |config|
        let list = ($config | get --optional hooks.pre_prompt) | default []
        let hook = { code: "_starbase_hook" }

        if $hook in $list {
            $list
        } else {
            $list | append $hook
        }
    })
}
