---
source: crates/shell/src/shells/nu.rs
expression: "Nu.format_hook(Hook::Activate\n{\n    command: \"starbase hook nu\".into(), function: \"_starbase_hook\".into(),\n}).unwrap()"
---
export def --env _starbase_hook [] {
    # Nushell has no runtime `eval`, but `source` parses and runs a file in the
    # scope that invoked it, which is enough to apply a statement list. Only a
    # hook entry defined as a string is parsed that way, so the statements are
    # written out and a one shot entry is staged to apply them, which it does
    # before the next prompt and then removes itself.
    #
    # `source` requires a parse time constant path (a runtime path fails with
    # `nu::shell::not_a_constant`), so the name is baked into the staged entry.
    # It is keyed by pid, so concurrent sessions cannot read each other's
    # statements, and by function, so two tools cannot clobber each other.
    let file = $"($nu.temp-dir)/_starbase_hook-($nu.pid).nu"

    # A failing command stages nothing rather than aborting the prompt, and its
    # stderr is left alone
    try { starbase hook nu | save --force $file } catch { "" | save --force $file }

    let entries = ((($env.config | get --optional hooks.pre_prompt) | default [])
        | where { |it| not (($it | describe | str starts-with "record") and (($it | get --optional code | default "") | str starts-with "# _starbase_hook apply")) })

    $env.config = ($env.config | upsert hooks.pre_prompt ($entries | append { code: '# _starbase_hook apply
const _starbase_hook_file = $"($nu.temp-dir)/_starbase_hook-($nu.pid).nu"
source $_starbase_hook_file
rm --force --permanent $_starbase_hook_file
$env.config = ($env.config | upsert hooks.pre_prompt ((($env.config | get --optional hooks.pre_prompt) | default []) | where { |it| not (($it | describe | str starts-with "record") and (($it | get --optional code | default "") | str starts-with "# _starbase_hook apply")) }))' }))
}
