---
source: crates/shell/src/shells/powershell.rs
expression: "PowerShell.format_hook(Hook::RegisterHandlers\n{ function: \"_starbase_hook\".into(), }).unwrap()"
---
# Windows PowerShell has no change-dir trigger, since `LocationChangedAction`
# requires PowerShell 6+, so the global prompt is wrapped instead
if (-not (Get-Variable -Name '_starbase_hook_on_prompt' -Scope Global -ErrorAction Ignore)) {
  $global:_starbase_hook_on_prompt = $function:prompt;

  # A session started without a prompt (`-File`, `-Command`) has nothing to
  # save: fall back to the engine's default, so the wrapper never invokes
  # `$null` and unregistering always restores a callable prompt
  if ($null -eq $global:_starbase_hook_on_prompt) {
    $global:_starbase_hook_on_prompt = { "PS $($executionContext.SessionState.Path.CurrentLocation)$('>' * ($nestedPromptLevel + 1)) " };
  }

  function global:prompt {
    _starbase_hook;
    & $global:_starbase_hook_on_prompt;
  }
};
